// Jest Snapshot v1, https://goo.gl/fbAQLP

exports[`Test helper should render mountWithTheme with no error 1`] = `
<div
  data-test-id="theme-wrapper"
>
  <div />
</div>
`;

exports[`Test helper should render shallowWithTheme with no error 1`] = `
<div
  data-test-id="theme-wrapper"
>
  <div />
</div>
`;
