// Jest Snapshot v1, https://goo.gl/fbAQLP

exports[`PageSwitch should render PageSwitch with no error 1`] = `
<Styled(div)>
  <Switch>
    <Route
      exact={true}
      path="/"
    >
      <DashBoard />
    </Route>
    <Route
      path="/profile"
    >
      <User />
    </Route>
    <Route
      path="/posts"
    >
      <Connect(PostsWithHook) />
    </Route>
    <Route
      path="/post/"
    >
      <Post />
    </Route>
  </Switch>
</Styled(div)>
`;
